Running on node(s): della-i13n6
della-i13n6
Traceback (most recent call last):
  File "/home/rf5447/client-superstaq/supermarq-benchmarks/supermarq/ghzcputiming.py", line 9, in <module>
    import supermarq
ModuleNotFoundError: No module named 'supermarq'
srun: error: della-i13n6: task 0: Exited with exit code 1
srun: Terminating StepId=6837551.0
Command exited with non-zero status 1
	Command being timed: "srun python3 ghzcputiming.py"
	User time (seconds): 0.00
	System time (seconds): 0.00
	Percent of CPU this job got: 3%
	Elapsed (wall clock) time (h:mm:ss or m:ss): 0:00.31
	Average shared text size (kbytes): 0
	Average unshared data size (kbytes): 0
	Average stack size (kbytes): 0
	Average total size (kbytes): 0
	Maximum resident set size (kbytes): 12704
	Average resident set size (kbytes): 0
	Major (requiring I/O) page faults: 0
	Minor (reclaiming a frame) page faults: 1230
	Voluntary context switches: 35
	Involuntary context switches: 4
	Swaps: 0
	File system inputs: 0
	File system outputs: 0
	Socket messages sent: 0
	Socket messages received: 0
	Signals delivered: 0
	Page size (bytes): 4096
	Exit status: 1
