/home/rf5447/client-superstaq/supermarq-benchmarks/supermarq/.venv/lib64/python3.9/site-packages/networkx/utils/backends.py:135: RuntimeWarning: networkx backend defined more than once: nx-loopback
  backends.update(_get_backends("networkx.backends"))
============================================================
Hardware / job environment info
============================================================
Hostname: della-i13n4
SLURM job ID: 6838939
SLURM node list: della-i13n4
CPU: Intel(R) Xeon(R) Gold 6242R CPU @ 3.10GHz
============================================================

method = star, num_qubits = 3
  With 0.0% error probability, GHZ score = 0.9999 | sim time: 4904.49 ms | score time: 0.03 ms
  With 0.5% error probability, GHZ score = 0.9715 | sim time: 4820.99 ms | score time: 0.03 ms
  With 2.0% error probability, GHZ score = 0.8910 | sim time: 4817.50 ms | score time: 0.02 ms

method = star, num_qubits = 4
  With 0.0% error probability, GHZ score = 0.9992 | sim time: 7722.31 ms | score time: 0.02 ms
  With 0.5% error probability, GHZ score = 0.9539 | sim time: 7696.22 ms | score time: 0.03 ms
  With 2.0% error probability, GHZ score = 0.8220 | sim time: 7704.79 ms | score time: 0.03 ms

method = star, num_qubits = 5
  With 0.0% error probability, GHZ score = 0.9999 | sim time: 11236.86 ms | score time: 0.03 ms
  With 0.5% error probability, GHZ score = 0.9295 | sim time: 11252.13 ms | score time: 0.03 ms
  With 2.0% error probability, GHZ score = 0.7340 | sim time: 11251.60 ms | score time: 0.03 ms

method = star, num_qubits = 6
  With 0.0% error probability, GHZ score = 1.0000 | sim time: 15664.10 ms | score time: 0.03 ms
  With 0.5% error probability, GHZ score = 0.8870 | sim time: 15671.05 ms | score time: 0.03 ms
  With 2.0% error probability, GHZ score = 0.5978 | sim time: 15811.89 ms | score time: 0.03 ms

method = star, num_qubits = 7
  With 0.0% error probability, GHZ score = 0.9998 | sim time: 20832.09 ms | score time: 0.03 ms
  With 0.5% error probability, GHZ score = 0.8800 | sim time: 20844.55 ms | score time: 0.03 ms
  With 2.0% error probability, GHZ score = 0.5756 | sim time: 20512.26 ms | score time: 0.04 ms

method = star, num_qubits = 8
  With 0.0% error probability, GHZ score = 0.9997 | sim time: 26189.71 ms | score time: 0.02 ms
  With 0.5% error probability, GHZ score = 0.8210 | sim time: 26126.42 ms | score time: 0.03 ms
  With 2.0% error probability, GHZ score = 0.4472 | sim time: 26131.58 ms | score time: 0.05 ms

method = star, num_qubits = 9
  With 0.0% error probability, GHZ score = 0.9999 | sim time: 32577.22 ms | score time: 0.02 ms
  With 0.5% error probability, GHZ score = 0.7677 | sim time: 32588.59 ms | score time: 0.04 ms
  With 2.0% error probability, GHZ score = 0.3430 | sim time: 32981.45 ms | score time: 0.06 ms

method = star, num_qubits = 10
  With 0.0% error probability, GHZ score = 0.9992 | sim time: 40252.19 ms | score time: 0.03 ms
  With 0.5% error probability, GHZ score = 0.7099 | sim time: 39820.89 ms | score time: 0.03 ms
  With 2.0% error probability, GHZ score = 0.2836 | sim time: 39674.57 ms | score time: 0.06 ms

method = ladder, num_qubits = 3
  With 0.0% error probability, GHZ score = 1.0000 | sim time: 4885.58 ms | score time: 0.02 ms
  With 0.5% error probability, GHZ score = 0.9769 | sim time: 4877.18 ms | score time: 0.03 ms
  With 2.0% error probability, GHZ score = 0.8890 | sim time: 4880.47 ms | score time: 0.02 ms

method = ladder, num_qubits = 4
  With 0.0% error probability, GHZ score = 0.9997 | sim time: 7804.75 ms | score time: 0.02 ms
  With 0.5% error probability, GHZ score = 0.9593 | sim time: 7812.63 ms | score time: 0.03 ms
  With 2.0% error probability, GHZ score = 0.8368 | sim time: 7791.09 ms | score time: 0.03 ms

method = ladder, num_qubits = 5
  With 0.0% error probability, GHZ score = 0.9997 | sim time: 11368.17 ms | score time: 0.03 ms
  With 0.5% error probability, GHZ score = 0.9050 | sim time: 11376.37 ms | score time: 0.03 ms
  With 2.0% error probability, GHZ score = 0.7006 | sim time: 11314.77 ms | score time: 0.03 ms

method = ladder, num_qubits = 6
  With 0.0% error probability, GHZ score = 0.9999 | sim time: 15557.15 ms | score time: 0.03 ms
  With 0.5% error probability, GHZ score = 0.9072 | sim time: 15602.12 ms | score time: 0.03 ms
  With 2.0% error probability, GHZ score = 0.6358 | sim time: 15566.74 ms | score time: 0.03 ms

method = ladder, num_qubits = 7
  With 0.0% error probability, GHZ score = 0.9995 | sim time: 20512.75 ms | score time: 0.03 ms
  With 0.5% error probability, GHZ score = 0.8652 | sim time: 20563.43 ms | score time: 0.03 ms
  With 2.0% error probability, GHZ score = 0.5256 | sim time: 20501.49 ms | score time: 0.04 ms

method = ladder, num_qubits = 8
  With 0.0% error probability, GHZ score = 1.0000 | sim time: 26308.60 ms | score time: 0.02 ms
  With 0.5% error probability, GHZ score = 0.7968 | sim time: 26395.45 ms | score time: 0.03 ms
  With 2.0% error probability, GHZ score = 0.4183 | sim time: 26364.66 ms | score time: 0.05 ms

method = ladder, num_qubits = 9
  With 0.0% error probability, GHZ score = 0.9999 | sim time: 32781.28 ms | score time: 0.02 ms
  With 0.5% error probability, GHZ score = 0.7800 | sim time: 32689.14 ms | score time: 0.04 ms
  With 2.0% error probability, GHZ score = 0.3469 | sim time: 32591.13 ms | score time: 0.06 ms

method = ladder, num_qubits = 10
  With 0.0% error probability, GHZ score = 1.0000 | sim time: 39921.87 ms | score time: 0.02 ms
  With 0.5% error probability, GHZ score = 0.7208 | sim time: 39762.37 ms | score time: 0.04 ms
  With 2.0% error probability, GHZ score = 0.2787 | sim time: 39933.69 ms | score time: 0.07 ms

method = logdepth, num_qubits = 3
  With 0.0% error probability, GHZ score = 0.9998 | sim time: 4916.21 ms | score time: 0.02 ms
  With 0.5% error probability, GHZ score = 0.9765 | sim time: 4925.13 ms | score time: 0.03 ms
  With 2.0% error probability, GHZ score = 0.9019 | sim time: 4914.05 ms | score time: 0.02 ms

method = logdepth, num_qubits = 4
  With 0.0% error probability, GHZ score = 0.9994 | sim time: 6464.35 ms | score time: 0.02 ms
  With 0.5% error probability, GHZ score = 0.9562 | sim time: 6451.55 ms | score time: 0.03 ms
  With 2.0% error probability, GHZ score = 0.8757 | sim time: 6470.73 ms | score time: 0.03 ms

method = logdepth, num_qubits = 5
  With 0.0% error probability, GHZ score = 0.9995 | sim time: 9691.29 ms | score time: 0.02 ms
  With 0.5% error probability, GHZ score = 0.9407 | sim time: 9713.81 ms | score time: 0.04 ms
  With 2.0% error probability, GHZ score = 0.7702 | sim time: 9691.34 ms | score time: 0.03 ms

method = logdepth, num_qubits = 6
  With 0.0% error probability, GHZ score = 1.0000 | sim time: 11509.57 ms | score time: 0.02 ms
  With 0.5% error probability, GHZ score = 0.9163 | sim time: 11463.51 ms | score time: 0.03 ms
  With 2.0% error probability, GHZ score = 0.7357 | sim time: 11463.65 ms | score time: 0.03 ms

method = logdepth, num_qubits = 7
  With 0.0% error probability, GHZ score = 0.9999 | sim time: 13181.42 ms | score time: 0.02 ms
  With 0.5% error probability, GHZ score = 0.9096 | sim time: 13222.02 ms | score time: 0.03 ms
  With 2.0% error probability, GHZ score = 0.7010 | sim time: 13272.30 ms | score time: 0.03 ms

method = logdepth, num_qubits = 8
  With 0.0% error probability, GHZ score = 1.0000 | sim time: 15218.85 ms | score time: 0.02 ms
  With 0.5% error probability, GHZ score = 0.8908 | sim time: 15148.58 ms | score time: 0.03 ms
  With 2.0% error probability, GHZ score = 0.6640 | sim time: 15193.21 ms | score time: 0.04 ms

method = logdepth, num_qubits = 9
  With 0.0% error probability, GHZ score = 0.9999 | sim time: 20360.92 ms | score time: 0.03 ms
  With 0.5% error probability, GHZ score = 0.8475 | sim time: 20335.17 ms | score time: 0.03 ms
  With 2.0% error probability, GHZ score = 0.5710 | sim time: 20282.67 ms | score time: 0.05 ms

method = logdepth, num_qubits = 10
  With 0.0% error probability, GHZ score = 0.9990 | sim time: 22674.75 ms | score time: 0.03 ms
  With 0.5% error probability, GHZ score = 0.8660 | sim time: 22619.50 ms | score time: 0.03 ms
  With 2.0% error probability, GHZ score = 0.5368 | sim time: 22497.52 ms | score time: 0.05 ms

Wrote results to ghz_timing_results.csv
	Command being timed: "./.venv/bin/python3 -u ghzcputiming.py"
	User time (seconds): 1257.01
	System time (seconds): 2.20
	Percent of CPU this job got: 96%
	Elapsed (wall clock) time (h:mm:ss or m:ss): 21:46.21
	Average shared text size (kbytes): 0
	Average unshared data size (kbytes): 0
	Average stack size (kbytes): 0
	Average total size (kbytes): 0
	Maximum resident set size (kbytes): 220124
	Average resident set size (kbytes): 0
	Major (requiring I/O) page faults: 1
	Minor (reclaiming a frame) page faults: 80849
	Voluntary context switches: 17016
	Involuntary context switches: 9002
	Swaps: 0
	File system inputs: 872
	File system outputs: 8
	Socket messages sent: 0
	Socket messages received: 0
	Signals delivered: 0
	Page size (bytes): 4096
	Exit status: 0
