/home/rf5447/client-superstaq/supermarq-benchmarks/supermarq/.venv/lib64/python3.9/site-packages/networkx/utils/backends.py:135: RuntimeWarning: networkx backend defined more than once: nx-loopback
  backends.update(_get_backends("networkx.backends"))
============================================================
Hardware / job environment info
============================================================
Hostname: della-h17n21
SLURM job ID: 6868854
SLURM node list: della-h17n21
CPU: AMD EPYC 9654 96-Core Processor
============================================================

method = star, num_qubits = 3
  With 0.0% error probability, GHZ score = 0.9999 | sim time: 2461.33 ms | score time: 0.03 ms

method = logdepth, num_qubits = 3
  With 0.0% error probability, GHZ score = 0.9989 | sim time: 2466.10 ms | score time: 0.02 ms

method = logdepth, num_qubits = 4
  With 0.0% error probability, GHZ score = 0.9998 | sim time: 3252.77 ms | score time: 0.02 ms

method = logdepth, num_qubits = 5
  With 0.0% error probability, GHZ score = 1.0000 | sim time: 4954.16 ms | score time: 0.02 ms

method = logdepth, num_qubits = 6
  With 0.0% error probability, GHZ score = 0.9998 | sim time: 5824.44 ms | score time: 0.02 ms

method = logdepth, num_qubits = 7
  With 0.0% error probability, GHZ score = 0.9992 | sim time: 6838.72 ms | score time: 0.02 ms

method = logdepth, num_qubits = 8
  With 0.0% error probability, GHZ score = 1.0000 | sim time: 7862.52 ms | score time: 0.02 ms

method = logdepth, num_qubits = 9
  With 0.0% error probability, GHZ score = 1.0000 | sim time: 10303.75 ms | score time: 0.02 ms

method = logdepth, num_qubits = 10
  With 0.0% error probability, GHZ score = 1.0000 | sim time: 11485.19 ms | score time: 0.02 ms

method = ladder, num_qubits = 3
  With 0.0% error probability, GHZ score = 1.0000 | sim time: 2467.23 ms | score time: 0.02 ms

method = ladder, num_qubits = 4
  With 0.0% error probability, GHZ score = 0.9998 | sim time: 4028.48 ms | score time: 0.02 ms

method = ladder, num_qubits = 5
  With 0.0% error probability, GHZ score = 1.0000 | sim time: 5816.43 ms | score time: 0.02 ms

method = ladder, num_qubits = 6
  With 0.0% error probability, GHZ score = 1.0000 | sim time: 8085.42 ms | score time: 0.02 ms

method = ladder, num_qubits = 7
  With 0.0% error probability, GHZ score = 0.9998 | sim time: 10465.46 ms | score time: 0.02 ms

method = ladder, num_qubits = 8
  With 0.0% error probability, GHZ score = 0.9995 | sim time: 13483.33 ms | score time: 0.02 ms

method = ladder, num_qubits = 9
  With 0.0% error probability, GHZ score = 0.9991 | sim time: 16580.17 ms | score time: 0.02 ms

method = ladder, num_qubits = 10
  With 0.0% error probability, GHZ score = 0.9988 | sim time: 20306.51 ms | score time: 0.02 ms

method = star, num_qubits = 3
  With 0.0% error probability, GHZ score = 0.9994 | sim time: 2589.59 ms | score time: 0.02 ms

method = star, num_qubits = 4
  With 0.0% error probability, GHZ score = 0.9982 | sim time: 3979.40 ms | score time: 0.02 ms

method = star, num_qubits = 5
  With 0.0% error probability, GHZ score = 1.0000 | sim time: 5875.90 ms | score time: 0.03 ms

method = star, num_qubits = 6
  With 0.0% error probability, GHZ score = 0.9999 | sim time: 8134.18 ms | score time: 0.02 ms

method = star, num_qubits = 7
  With 0.0% error probability, GHZ score = 0.9997 | sim time: 10516.49 ms | score time: 0.02 ms

method = star, num_qubits = 8
  With 0.0% error probability, GHZ score = 0.9994 | sim time: 13862.99 ms | score time: 0.02 ms

method = star, num_qubits = 9
  With 0.0% error probability, GHZ score = 0.9992 | sim time: 17190.54 ms | score time: 0.02 ms

method = star, num_qubits = 10
  With 0.0% error probability, GHZ score = 0.9997 | sim time: 20467.68 ms | score time: 0.02 ms

method = logdepth, num_qubits = 3
  With 0.0% error probability, GHZ score = 0.9999 | sim time: 2472.32 ms | score time: 0.02 ms

method = logdepth, num_qubits = 4
  With 0.0% error probability, GHZ score = 0.9992 | sim time: 3269.43 ms | score time: 0.02 ms

method = logdepth, num_qubits = 5
  With 0.0% error probability, GHZ score = 0.9981 | sim time: 4934.12 ms | score time: 0.02 ms

method = logdepth, num_qubits = 6
  With 0.0% error probability, GHZ score = 0.9998 | sim time: 5939.83 ms | score time: 0.02 ms

method = logdepth, num_qubits = 7
  With 0.0% error probability, GHZ score = 0.9998 | sim time: 6874.91 ms | score time: 0.02 ms

method = logdepth, num_qubits = 8
  With 0.0% error probability, GHZ score = 0.9998 | sim time: 7849.92 ms | score time: 0.02 ms

method = logdepth, num_qubits = 9
  With 0.0% error probability, GHZ score = 0.9996 | sim time: 10454.23 ms | score time: 0.02 ms

method = logdepth, num_qubits = 10
  With 0.0% error probability, GHZ score = 0.9999 | sim time: 11636.03 ms | score time: 0.02 ms

method = ladder, num_qubits = 3
  With 0.0% error probability, GHZ score = 0.9999 | sim time: 2459.52 ms | score time: 0.02 ms

method = ladder, num_qubits = 4
  With 0.0% error probability, GHZ score = 0.9995 | sim time: 4162.38 ms | score time: 0.02 ms

method = ladder, num_qubits = 5
  With 0.0% error probability, GHZ score = 1.0000 | sim time: 5762.56 ms | score time: 0.02 ms

method = ladder, num_qubits = 6
  With 0.0% error probability, GHZ score = 1.0000 | sim time: 7911.50 ms | score time: 0.02 ms

method = ladder, num_qubits = 7
  With 0.0% error probability, GHZ score = 1.0000 | sim time: 10547.03 ms | score time: 0.03 ms

method = ladder, num_qubits = 8
  With 0.0% error probability, GHZ score = 0.9994 | sim time: 13418.13 ms | score time: 0.02 ms

method = ladder, num_qubits = 9
  With 0.0% error probability, GHZ score = 0.9999 | sim time: 16489.59 ms | score time: 0.02 ms

method = ladder, num_qubits = 10
  With 0.0% error probability, GHZ score = 0.9999 | sim time: 20209.21 ms | score time: 0.02 ms

method = star, num_qubits = 3
  With 0.0% error probability, GHZ score = 1.0000 | sim time: 2482.70 ms | score time: 0.03 ms

method = star, num_qubits = 4
  With 0.0% error probability, GHZ score = 1.0000 | sim time: 4033.77 ms | score time: 0.02 ms

method = star, num_qubits = 5
  With 0.0% error probability, GHZ score = 0.9999 | sim time: 5806.01 ms | score time: 0.02 ms

method = star, num_qubits = 6
  With 0.0% error probability, GHZ score = 1.0000 | sim time: 7990.70 ms | score time: 0.02 ms

method = star, num_qubits = 7
  With 0.0% error probability, GHZ score = 0.9999 | sim time: 10346.21 ms | score time: 0.02 ms

method = star, num_qubits = 8
  With 0.0% error probability, GHZ score = 1.0000 | sim time: 13462.48 ms | score time: 0.02 ms

method = star, num_qubits = 9
  With 0.0% error probability, GHZ score = 0.9996 | sim time: 16584.70 ms | score time: 0.02 ms

method = star, num_qubits = 10
  With 0.0% error probability, GHZ score = 1.0000 | sim time: 20174.82 ms | score time: 0.03 ms

method = logdepth, num_qubits = 3
  With 0.0% error probability, GHZ score = 0.9990 | sim time: 2511.88 ms | score time: 0.02 ms

method = logdepth, num_qubits = 4
  With 0.0% error probability, GHZ score = 0.9999 | sim time: 3331.97 ms | score time: 0.03 ms

method = logdepth, num_qubits = 5
  With 0.0% error probability, GHZ score = 1.0000 | sim time: 5137.59 ms | score time: 0.02 ms

method = logdepth, num_qubits = 6
  With 0.0% error probability, GHZ score = 0.9997 | sim time: 6091.30 ms | score time: 0.04 ms

method = logdepth, num_qubits = 7
  With 0.0% error probability, GHZ score = 0.9998 | sim time: 6810.84 ms | score time: 0.02 ms

method = logdepth, num_qubits = 8
  With 0.0% error probability, GHZ score = 1.0000 | sim time: 7786.59 ms | score time: 0.02 ms

method = logdepth, num_qubits = 9
  With 0.0% error probability, GHZ score = 0.9996 | sim time: 10410.41 ms | score time: 0.02 ms

method = logdepth, num_qubits = 10
  With 0.0% error probability, GHZ score = 0.9990 | sim time: 11630.38 ms | score time: 0.02 ms

method = ladder, num_qubits = 3
  With 0.0% error probability, GHZ score = 1.0000 | sim time: 2541.69 ms | score time: 0.02 ms

method = ladder, num_qubits = 4
  With 0.0% error probability, GHZ score = 0.9998 | sim time: 4053.57 ms | score time: 0.02 ms

method = ladder, num_qubits = 5
  With 0.0% error probability, GHZ score = 0.9999 | sim time: 5875.07 ms | score time: 0.02 ms

method = ladder, num_qubits = 6
  With 0.0% error probability, GHZ score = 1.0000 | sim time: 7921.03 ms | score time: 0.02 ms

method = ladder, num_qubits = 7
  With 0.0% error probability, GHZ score = 0.9997 | sim time: 10447.50 ms | score time: 0.02 ms

method = ladder, num_qubits = 8
  With 0.0% error probability, GHZ score = 1.0000 | sim time: 13321.20 ms | score time: 0.02 ms

method = ladder, num_qubits = 9
  With 0.0% error probability, GHZ score = 0.9999 | sim time: 16684.34 ms | score time: 0.02 ms

method = ladder, num_qubits = 10
  With 0.0% error probability, GHZ score = 1.0000 | sim time: 20518.09 ms | score time: 0.02 ms

method = star, num_qubits = 3
  With 0.0% error probability, GHZ score = 1.0000 | sim time: 2524.45 ms | score time: 0.02 ms

method = star, num_qubits = 4
  With 0.0% error probability, GHZ score = 0.9999 | sim time: 4104.81 ms | score time: 0.02 ms

method = star, num_qubits = 5
  With 0.0% error probability, GHZ score = 1.0000 | sim time: 5952.35 ms | score time: 0.02 ms

method = star, num_qubits = 6
  With 0.0% error probability, GHZ score = 0.9999 | sim time: 8141.46 ms | score time: 0.02 ms

method = star, num_qubits = 7
  With 0.0% error probability, GHZ score = 0.9999 | sim time: 10527.96 ms | score time: 0.02 ms

method = star, num_qubits = 8
  With 0.0% error probability, GHZ score = 0.9996 | sim time: 13358.14 ms | score time: 0.02 ms

method = star, num_qubits = 9
  With 0.0% error probability, GHZ score = 1.0000 | sim time: 16330.71 ms | score time: 0.02 ms

method = star, num_qubits = 10
  With 0.0% error probability, GHZ score = 0.9998 | sim time: 19983.79 ms | score time: 0.02 ms

Wrote results to ghz_timing_results_excludingwarmup_ordered.csv
	Command being timed: "./.venv/bin/python3 -u ghzcputiming.py"
	User time (seconds): 646.69
	System time (seconds): 0.80
	Percent of CPU this job got: 94%
	Elapsed (wall clock) time (h:mm:ss or m:ss): 11:23.41
	Average shared text size (kbytes): 0
	Average unshared data size (kbytes): 0
	Average stack size (kbytes): 0
	Average total size (kbytes): 0
	Maximum resident set size (kbytes): 217840
	Average resident set size (kbytes): 0
	Major (requiring I/O) page faults: 20
	Minor (reclaiming a frame) page faults: 80690
	Voluntary context switches: 22771
	Involuntary context switches: 1619
	Swaps: 0
	File system inputs: 0
	File system outputs: 8
	Socket messages sent: 0
	Socket messages received: 0
	Signals delivered: 0
	Page size (bytes): 4096
	Exit status: 0
