/home/rf5447/client-superstaq/supermarq-benchmarks/supermarq/.venv/lib64/python3.9/site-packages/networkx/utils/backends.py:135: RuntimeWarning: networkx backend defined more than once: nx-loopback
  backends.update(_get_backends("networkx.backends"))
============================================================
Hardware / job environment info
============================================================
Hostname: della-i13n3
SLURM job ID: 6839342
SLURM node list: della-i13n3
CPU: Intel(R) Xeon(R) Gold 6242R CPU @ 3.10GHz
============================================================

method = star, num_qubits = 3
  With 0.0% error probability, GHZ score = 1.0000 | sim time: 4770.98 ms | score time: 0.03 ms
  With 0.5% error probability, GHZ score = 0.9727 | sim time: 4702.42 ms | score time: 0.02 ms
  With 2.0% error probability, GHZ score = 0.8820 | sim time: 4694.52 ms | score time: 0.02 ms

method = star, num_qubits = 4
  With 0.0% error probability, GHZ score = 0.9999 | sim time: 7433.58 ms | score time: 0.02 ms
  With 0.5% error probability, GHZ score = 0.9468 | sim time: 7409.33 ms | score time: 0.02 ms
  With 2.0% error probability, GHZ score = 0.8196 | sim time: 7431.40 ms | score time: 0.02 ms

method = star, num_qubits = 5
  With 0.0% error probability, GHZ score = 0.9998 | sim time: 10884.24 ms | score time: 0.02 ms
  With 0.5% error probability, GHZ score = 0.9330 | sim time: 10859.79 ms | score time: 0.02 ms
  With 2.0% error probability, GHZ score = 0.7456 | sim time: 10844.73 ms | score time: 0.02 ms

method = star, num_qubits = 6
  With 0.0% error probability, GHZ score = 0.9998 | sim time: 14897.04 ms | score time: 0.02 ms
  With 0.5% error probability, GHZ score = 0.9016 | sim time: 14891.56 ms | score time: 0.02 ms
  With 2.0% error probability, GHZ score = 0.6049 | sim time: 14949.82 ms | score time: 0.03 ms

method = star, num_qubits = 7
  With 0.0% error probability, GHZ score = 0.9999 | sim time: 19685.22 ms | score time: 0.02 ms
  With 0.5% error probability, GHZ score = 0.8599 | sim time: 19785.93 ms | score time: 0.02 ms
  With 2.0% error probability, GHZ score = 0.5390 | sim time: 19722.39 ms | score time: 0.03 ms

method = star, num_qubits = 8
  With 0.0% error probability, GHZ score = 0.9999 | sim time: 25336.31 ms | score time: 0.02 ms
  With 0.5% error probability, GHZ score = 0.7860 | sim time: 25235.65 ms | score time: 0.03 ms
  With 2.0% error probability, GHZ score = 0.4676 | sim time: 25305.63 ms | score time: 0.04 ms

method = star, num_qubits = 9
  With 0.0% error probability, GHZ score = 1.0000 | sim time: 31557.92 ms | score time: 0.02 ms
  With 0.5% error probability, GHZ score = 0.7798 | sim time: 31535.07 ms | score time: 0.03 ms
  With 2.0% error probability, GHZ score = 0.3799 | sim time: 31556.96 ms | score time: 0.05 ms

method = star, num_qubits = 10
  With 0.0% error probability, GHZ score = 1.0000 | sim time: 38591.15 ms | score time: 0.02 ms
  With 0.5% error probability, GHZ score = 0.7338 | sim time: 38486.74 ms | score time: 0.03 ms
  With 2.0% error probability, GHZ score = 0.2585 | sim time: 38480.97 ms | score time: 0.06 ms

method = ladder, num_qubits = 3
  With 0.0% error probability, GHZ score = 1.0000 | sim time: 4683.11 ms | score time: 0.02 ms
  With 0.5% error probability, GHZ score = 0.9649 | sim time: 4677.21 ms | score time: 0.02 ms
  With 2.0% error probability, GHZ score = 0.8907 | sim time: 4669.15 ms | score time: 0.02 ms

method = ladder, num_qubits = 4
  With 0.0% error probability, GHZ score = 1.0000 | sim time: 7511.13 ms | score time: 0.02 ms
  With 0.5% error probability, GHZ score = 0.9620 | sim time: 7486.84 ms | score time: 0.02 ms
  With 2.0% error probability, GHZ score = 0.8141 | sim time: 7508.93 ms | score time: 0.02 ms

method = ladder, num_qubits = 5
  With 0.0% error probability, GHZ score = 0.9999 | sim time: 10945.22 ms | score time: 0.02 ms
  With 0.5% error probability, GHZ score = 0.9190 | sim time: 10912.49 ms | score time: 0.02 ms
  With 2.0% error probability, GHZ score = 0.7129 | sim time: 10951.62 ms | score time: 0.02 ms

method = ladder, num_qubits = 6
  With 0.0% error probability, GHZ score = 0.9999 | sim time: 14961.52 ms | score time: 0.02 ms
  With 0.5% error probability, GHZ score = 0.8793 | sim time: 14951.38 ms | score time: 0.02 ms
  With 2.0% error probability, GHZ score = 0.6127 | sim time: 14972.01 ms | score time: 0.03 ms

method = ladder, num_qubits = 7
  With 0.0% error probability, GHZ score = 1.0000 | sim time: 19736.96 ms | score time: 0.02 ms
  With 0.5% error probability, GHZ score = 0.8626 | sim time: 19720.64 ms | score time: 0.02 ms
  With 2.0% error probability, GHZ score = 0.5419 | sim time: 19789.94 ms | score time: 0.03 ms

method = ladder, num_qubits = 8
  With 0.0% error probability, GHZ score = 1.0000 | sim time: 25307.88 ms | score time: 0.02 ms
  With 0.5% error probability, GHZ score = 0.8180 | sim time: 25210.07 ms | score time: 0.02 ms
  With 2.0% error probability, GHZ score = 0.4334 | sim time: 25184.06 ms | score time: 0.04 ms

method = ladder, num_qubits = 9
  With 0.0% error probability, GHZ score = 0.9999 | sim time: 31602.95 ms | score time: 0.02 ms
  With 0.5% error probability, GHZ score = 0.7576 | sim time: 31564.55 ms | score time: 0.03 ms
  With 2.0% error probability, GHZ score = 0.3416 | sim time: 31486.01 ms | score time: 0.05 ms

method = ladder, num_qubits = 10
  With 0.0% error probability, GHZ score = 0.9985 | sim time: 38580.74 ms | score time: 0.02 ms
  With 0.5% error probability, GHZ score = 0.7290 | sim time: 38629.26 ms | score time: 0.03 ms
  With 2.0% error probability, GHZ score = 0.3006 | sim time: 38657.56 ms | score time: 0.07 ms

method = logdepth, num_qubits = 3
  With 0.0% error probability, GHZ score = 0.9997 | sim time: 4726.72 ms | score time: 0.02 ms
  With 0.5% error probability, GHZ score = 0.9660 | sim time: 4726.85 ms | score time: 0.02 ms
  With 2.0% error probability, GHZ score = 0.8827 | sim time: 4683.71 ms | score time: 0.02 ms

method = logdepth, num_qubits = 4
  With 0.0% error probability, GHZ score = 0.9999 | sim time: 6203.59 ms | score time: 0.02 ms
  With 0.5% error probability, GHZ score = 0.9708 | sim time: 6160.97 ms | score time: 0.02 ms
  With 2.0% error probability, GHZ score = 0.8790 | sim time: 6156.05 ms | score time: 0.02 ms

method = logdepth, num_qubits = 5
  With 0.0% error probability, GHZ score = 0.9999 | sim time: 9323.84 ms | score time: 0.02 ms
  With 0.5% error probability, GHZ score = 0.9358 | sim time: 9347.22 ms | score time: 0.02 ms
  With 2.0% error probability, GHZ score = 0.7710 | sim time: 9319.98 ms | score time: 0.02 ms

method = logdepth, num_qubits = 6
  With 0.0% error probability, GHZ score = 1.0000 | sim time: 11079.46 ms | score time: 0.02 ms
  With 0.5% error probability, GHZ score = 0.9229 | sim time: 11090.00 ms | score time: 0.02 ms
  With 2.0% error probability, GHZ score = 0.7336 | sim time: 11068.83 ms | score time: 0.03 ms

method = logdepth, num_qubits = 7
  With 0.0% error probability, GHZ score = 0.9999 | sim time: 12771.97 ms | score time: 0.02 ms
  With 0.5% error probability, GHZ score = 0.9329 | sim time: 12845.68 ms | score time: 0.02 ms
  With 2.0% error probability, GHZ score = 0.7068 | sim time: 12899.43 ms | score time: 0.03 ms

method = logdepth, num_qubits = 8
  With 0.0% error probability, GHZ score = 1.0000 | sim time: 14782.73 ms | score time: 0.02 ms
  With 0.5% error probability, GHZ score = 0.9028 | sim time: 14816.77 ms | score time: 0.03 ms
  With 2.0% error probability, GHZ score = 0.6270 | sim time: 14801.63 ms | score time: 0.03 ms

method = logdepth, num_qubits = 9
  With 0.0% error probability, GHZ score = 0.9999 | sim time: 19723.38 ms | score time: 0.02 ms
  With 0.5% error probability, GHZ score = 0.8580 | sim time: 19648.28 ms | score time: 0.03 ms
  With 2.0% error probability, GHZ score = 0.6128 | sim time: 19680.46 ms | score time: 0.04 ms

method = logdepth, num_qubits = 10
  With 0.0% error probability, GHZ score = 0.9997 | sim time: 21963.09 ms | score time: 0.02 ms
  With 0.5% error probability, GHZ score = 0.8599 | sim time: 21981.70 ms | score time: 0.03 ms
  With 2.0% error probability, GHZ score = 0.5119 | sim time: 21841.61 ms | score time: 0.04 ms

Wrote results to ghz_timing_results.csv
	Command being timed: "./.venv/bin/python3 -u ghzcputiming.py"
	User time (seconds): 1214.98
	System time (seconds): 0.74
	Percent of CPU this job got: 93%
	Elapsed (wall clock) time (h:mm:ss or m:ss): 21:34.03
	Average shared text size (kbytes): 0
	Average unshared data size (kbytes): 0
	Average stack size (kbytes): 0
	Average total size (kbytes): 0
	Maximum resident set size (kbytes): 220872
	Average resident set size (kbytes): 0
	Major (requiring I/O) page faults: 0
	Minor (reclaiming a frame) page faults: 82237
	Voluntary context switches: 17269
	Involuntary context switches: 3276
	Swaps: 0
	File system inputs: 0
	File system outputs: 8
	Socket messages sent: 0
	Socket messages received: 0
	Signals delivered: 0
	Page size (bytes): 4096
	Exit status: 0
