/home/rf5447/client-superstaq/supermarq-benchmarks/supermarq/.venv/lib64/python3.9/site-packages/networkx/utils/backends.py:135: RuntimeWarning: networkx backend defined more than once: nx-loopback
  backends.update(_get_backends("networkx.backends"))
============================================================
Hardware / job environment info
============================================================
Hostname: della-h17n21
SLURM job ID: 6839070
SLURM node list: della-h17n21
CPU: AMD EPYC 9654 96-Core Processor
============================================================

method = star, num_qubits = 3
  With 0.0% error probability, GHZ score = 0.9997 | sim time: 2565.91 ms | score time: 0.03 ms
  With 0.5% error probability, GHZ score = 0.9766 | sim time: 2563.06 ms | score time: 0.02 ms
  With 2.0% error probability, GHZ score = 0.8979 | sim time: 2638.37 ms | score time: 0.02 ms

method = star, num_qubits = 4
  With 0.0% error probability, GHZ score = 0.9993 | sim time: 4293.97 ms | score time: 0.02 ms
  With 0.5% error probability, GHZ score = 0.9440 | sim time: 4312.67 ms | score time: 0.02 ms
  With 2.0% error probability, GHZ score = 0.7976 | sim time: 4392.67 ms | score time: 0.02 ms

method = star, num_qubits = 5
  With 0.0% error probability, GHZ score = 0.9995 | sim time: 6236.55 ms | score time: 0.02 ms
  With 0.5% error probability, GHZ score = 0.9233 | sim time: 6286.30 ms | score time: 0.02 ms
  With 2.0% error probability, GHZ score = 0.7159 | sim time: 6277.63 ms | score time: 0.03 ms

method = star, num_qubits = 6
  With 0.0% error probability, GHZ score = 1.0000 | sim time: 8545.98 ms | score time: 0.02 ms
  With 0.5% error probability, GHZ score = 0.8998 | sim time: 8437.24 ms | score time: 0.02 ms
  With 2.0% error probability, GHZ score = 0.6540 | sim time: 8411.42 ms | score time: 0.02 ms

method = star, num_qubits = 7
  With 0.0% error probability, GHZ score = 0.9998 | sim time: 11169.30 ms | score time: 0.02 ms
  With 0.5% error probability, GHZ score = 0.8670 | sim time: 11186.12 ms | score time: 0.02 ms
  With 2.0% error probability, GHZ score = 0.5373 | sim time: 11241.68 ms | score time: 0.03 ms

method = star, num_qubits = 8
  With 0.0% error probability, GHZ score = 0.9999 | sim time: 14136.59 ms | score time: 0.02 ms
  With 0.5% error probability, GHZ score = 0.7987 | sim time: 14092.73 ms | score time: 0.03 ms
  With 2.0% error probability, GHZ score = 0.4419 | sim time: 14448.58 ms | score time: 0.04 ms

method = star, num_qubits = 9
  With 0.0% error probability, GHZ score = 0.9998 | sim time: 17930.62 ms | score time: 0.02 ms
  With 0.5% error probability, GHZ score = 0.7527 | sim time: 17666.13 ms | score time: 0.03 ms
  With 2.0% error probability, GHZ score = 0.3419 | sim time: 17698.28 ms | score time: 0.04 ms

method = star, num_qubits = 10
  With 0.0% error probability, GHZ score = 0.9995 | sim time: 21569.74 ms | score time: 0.02 ms
  With 0.5% error probability, GHZ score = 0.7202 | sim time: 21385.87 ms | score time: 0.03 ms
  With 2.0% error probability, GHZ score = 0.2930 | sim time: 21527.44 ms | score time: 0.06 ms

method = ladder, num_qubits = 3
  With 0.0% error probability, GHZ score = 0.9988 | sim time: 2695.79 ms | score time: 0.02 ms
  With 0.5% error probability, GHZ score = 0.9840 | sim time: 2690.15 ms | score time: 0.02 ms
  With 2.0% error probability, GHZ score = 0.9025 | sim time: 2649.34 ms | score time: 0.02 ms

method = ladder, num_qubits = 4
  With 0.0% error probability, GHZ score = 0.9998 | sim time: 4132.11 ms | score time: 0.02 ms
  With 0.5% error probability, GHZ score = 0.9580 | sim time: 4210.20 ms | score time: 0.02 ms
  With 2.0% error probability, GHZ score = 0.8330 | sim time: 4244.08 ms | score time: 0.02 ms

method = ladder, num_qubits = 5
  With 0.0% error probability, GHZ score = 0.9998 | sim time: 6188.67 ms | score time: 0.02 ms
  With 0.5% error probability, GHZ score = 0.9340 | sim time: 6131.28 ms | score time: 0.02 ms
  With 2.0% error probability, GHZ score = 0.7229 | sim time: 6086.94 ms | score time: 0.02 ms

method = ladder, num_qubits = 6
  With 0.0% error probability, GHZ score = 1.0000 | sim time: 8403.83 ms | score time: 0.02 ms
  With 0.5% error probability, GHZ score = 0.9193 | sim time: 8502.15 ms | score time: 0.02 ms
  With 2.0% error probability, GHZ score = 0.6470 | sim time: 8502.10 ms | score time: 0.02 ms

method = ladder, num_qubits = 7
  With 0.0% error probability, GHZ score = 1.0000 | sim time: 11173.00 ms | score time: 0.03 ms
  With 0.5% error probability, GHZ score = 0.8439 | sim time: 11063.10 ms | score time: 0.02 ms
  With 2.0% error probability, GHZ score = 0.5378 | sim time: 11316.09 ms | score time: 0.03 ms

method = ladder, num_qubits = 8
  With 0.0% error probability, GHZ score = 0.9994 | sim time: 14453.32 ms | score time: 0.02 ms
  With 0.5% error probability, GHZ score = 0.8351 | sim time: 14426.27 ms | score time: 0.02 ms
  With 2.0% error probability, GHZ score = 0.4449 | sim time: 14302.37 ms | score time: 0.04 ms

method = ladder, num_qubits = 9
  With 0.0% error probability, GHZ score = 0.9998 | sim time: 18025.99 ms | score time: 0.02 ms
  With 0.5% error probability, GHZ score = 0.7748 | sim time: 18041.50 ms | score time: 0.03 ms
  With 2.0% error probability, GHZ score = 0.3317 | sim time: 17999.29 ms | score time: 0.04 ms

method = ladder, num_qubits = 10
  With 0.0% error probability, GHZ score = 0.9999 | sim time: 22092.65 ms | score time: 0.02 ms
  With 0.5% error probability, GHZ score = 0.7428 | sim time: 21833.51 ms | score time: 0.03 ms
  With 2.0% error probability, GHZ score = 0.2758 | sim time: 21691.18 ms | score time: 0.05 ms

method = logdepth, num_qubits = 3
  With 0.0% error probability, GHZ score = 1.0000 | sim time: 2727.86 ms | score time: 0.02 ms
  With 0.5% error probability, GHZ score = 0.9726 | sim time: 2739.03 ms | score time: 0.02 ms
  With 2.0% error probability, GHZ score = 0.8954 | sim time: 2680.55 ms | score time: 0.02 ms

method = logdepth, num_qubits = 4
  With 0.0% error probability, GHZ score = 1.0000 | sim time: 3485.39 ms | score time: 0.02 ms
  With 0.5% error probability, GHZ score = 0.9679 | sim time: 3648.90 ms | score time: 0.02 ms
  With 2.0% error probability, GHZ score = 0.8550 | sim time: 3602.51 ms | score time: 0.02 ms

method = logdepth, num_qubits = 5
  With 0.0% error probability, GHZ score = 1.0000 | sim time: 5388.48 ms | score time: 0.02 ms
  With 0.5% error probability, GHZ score = 0.9289 | sim time: 5404.79 ms | score time: 0.02 ms
  With 2.0% error probability, GHZ score = 0.7849 | sim time: 5424.45 ms | score time: 0.02 ms

method = logdepth, num_qubits = 6
  With 0.0% error probability, GHZ score = 0.9999 | sim time: 6416.52 ms | score time: 0.02 ms
  With 0.5% error probability, GHZ score = 0.9300 | sim time: 6292.08 ms | score time: 0.02 ms
  With 2.0% error probability, GHZ score = 0.7450 | sim time: 6134.46 ms | score time: 0.02 ms

method = logdepth, num_qubits = 7
  With 0.0% error probability, GHZ score = 0.9999 | sim time: 7267.70 ms | score time: 0.02 ms
  With 0.5% error probability, GHZ score = 0.9350 | sim time: 7347.88 ms | score time: 0.02 ms
  With 2.0% error probability, GHZ score = 0.7140 | sim time: 7345.24 ms | score time: 0.03 ms

method = logdepth, num_qubits = 8
  With 0.0% error probability, GHZ score = 0.9995 | sim time: 8569.97 ms | score time: 0.02 ms
  With 0.5% error probability, GHZ score = 0.8960 | sim time: 8478.11 ms | score time: 0.02 ms
  With 2.0% error probability, GHZ score = 0.6528 | sim time: 8526.84 ms | score time: 0.03 ms

method = logdepth, num_qubits = 9
  With 0.0% error probability, GHZ score = 0.9998 | sim time: 11302.38 ms | score time: 0.02 ms
  With 0.5% error probability, GHZ score = 0.8810 | sim time: 11150.26 ms | score time: 0.03 ms
  With 2.0% error probability, GHZ score = 0.5564 | sim time: 11241.93 ms | score time: 0.03 ms

method = logdepth, num_qubits = 10
  With 0.0% error probability, GHZ score = 0.9996 | sim time: 12628.63 ms | score time: 0.02 ms
  With 0.5% error probability, GHZ score = 0.8486 | sim time: 12550.90 ms | score time: 0.03 ms
  With 2.0% error probability, GHZ score = 0.5503 | sim time: 12500.90 ms | score time: 0.04 ms

Wrote results to ghz_timing_results.csv
	Command being timed: "./.venv/bin/python3 -u ghzcputiming.py"
	User time (seconds): 688.00
	System time (seconds): 0.91
	Percent of CPU this job got: 93%
	Elapsed (wall clock) time (h:mm:ss or m:ss): 12:17.99
	Average shared text size (kbytes): 0
	Average unshared data size (kbytes): 0
	Average stack size (kbytes): 0
	Average total size (kbytes): 0
	Maximum resident set size (kbytes): 218988
	Average resident set size (kbytes): 0
	Major (requiring I/O) page faults: 0
	Minor (reclaiming a frame) page faults: 83133
	Voluntary context switches: 17271
	Involuntary context switches: 2212
	Swaps: 0
	File system inputs: 0
	File system outputs: 8
	Socket messages sent: 0
	Socket messages received: 0
	Signals delivered: 0
	Page size (bytes): 4096
	Exit status: 0
