Running on node(s): della-l09g7
CUDA_VISIBLE_DEVICES: 0
della-l09g7
Sat Apr 11 16:58:53 2026       
+-----------------------------------------------------------------------------------------+
| NVIDIA-SMI 595.58.03              Driver Version: 595.58.03      CUDA Version: 13.2     |
+-----------------------------------------+------------------------+----------------------+
| GPU  Name                 Persistence-M | Bus-Id          Disp.A | Volatile Uncorr. ECC |
| Fan  Temp   Perf          Pwr:Usage/Cap |           Memory-Usage | GPU-Util  Compute M. |
|                                         |                        |               MIG M. |
|=========================================+========================+======================|
|   0  NVIDIA A100-SXM4-80GB          On  |   00000000:01:00.0 Off |                    0 |
| N/A   31C    P0             58W /  500W |       0MiB /  81920MiB |      0%      Default |
|                                         |                        |             Disabled |
+-----------------------------------------+------------------------+----------------------+

+-----------------------------------------------------------------------------------------+
| Processes:                                                                              |
|  GPU   GI   CI              PID   Type   Process name                        GPU Memory |
|        ID   ID                                                               Usage      |
|=========================================================================================|
|  No running processes found                                                             |
+-----------------------------------------------------------------------------------------+
============================================================
Hardware / job environment info
============================================================
Hostname: della-l09g7
SLURM job ID: 6864402
SLURM node list: della-l09g7
CUDA_VISIBLE_DEVICES: 0
CPU: AMD EPYC 7413 24-Core Processor
GPU(s):
  NVIDIA A100-SXM4-80GB, 81920 MiB, 595.58.03
CUDA-Q target: nvidia
Requested CUDA-Q backend: nvidia
============================================================

============================================================
Warm-up run (not written to CSV)
============================================================

method = star, num_qubits = 3
  With 0.0% error probability, GHZ score = 0.9990 | sim time: 538.88 ms | score time: 19.88 ms
  With 0.5% error probability, GHZ score = 0.9878 | sim time: 1.89 ms | score time: 0.06 ms
  With 2.0% error probability, GHZ score = 0.9330 | sim time: 1.58 ms | score time: 0.06 ms

============================================================
Timed repetition 1/3
============================================================

method = star, num_qubits = 3
  With 0.0% error probability, GHZ score = 1.0000 | sim time: 24.21 ms | score time: 0.07 ms
  With 0.5% error probability, GHZ score = 0.9889 | sim time: 1.57 ms | score time: 0.06 ms
  With 2.0% error probability, GHZ score = 0.9490 | sim time: 1.54 ms | score time: 0.06 ms

method = star, num_qubits = 4
  With 0.0% error probability, GHZ score = 0.9991 | sim time: 23.03 ms | score time: 0.06 ms
  With 0.5% error probability, GHZ score = 0.9819 | sim time: 1.76 ms | score time: 0.07 ms
  With 2.0% error probability, GHZ score = 0.9299 | sim time: 1.78 ms | score time: 0.07 ms

method = star, num_qubits = 5
  With 0.0% error probability, GHZ score = 1.0000 | sim time: 23.25 ms | score time: 0.06 ms
  With 0.5% error probability, GHZ score = 0.9719 | sim time: 2.00 ms | score time: 0.07 ms
  With 2.0% error probability, GHZ score = 0.8980 | sim time: 1.99 ms | score time: 0.09 ms

method = star, num_qubits = 6
  With 0.0% error probability, GHZ score = 0.9998 | sim time: 23.42 ms | score time: 0.06 ms
  With 0.5% error probability, GHZ score = 0.9670 | sim time: 2.24 ms | score time: 0.07 ms
  With 2.0% error probability, GHZ score = 0.8799 | sim time: 2.27 ms | score time: 0.09 ms

method = star, num_qubits = 7
  With 0.0% error probability, GHZ score = 0.9996 | sim time: 26.56 ms | score time: 0.09 ms
  With 0.5% error probability, GHZ score = 0.9549 | sim time: 2.50 ms | score time: 0.08 ms
  With 2.0% error probability, GHZ score = 0.8398 | sim time: 2.47 ms | score time: 0.10 ms

method = star, num_qubits = 8
  With 0.0% error probability, GHZ score = 0.9988 | sim time: 23.47 ms | score time: 0.07 ms
  With 0.5% error probability, GHZ score = 0.9525 | sim time: 2.68 ms | score time: 0.09 ms
  With 2.0% error probability, GHZ score = 0.8286 | sim time: 2.68 ms | score time: 0.11 ms

method = star, num_qubits = 9
  With 0.0% error probability, GHZ score = 0.9999 | sim time: 23.21 ms | score time: 0.06 ms
  With 0.5% error probability, GHZ score = 0.9553 | sim time: 2.96 ms | score time: 0.08 ms
  With 2.0% error probability, GHZ score = 0.8270 | sim time: 3.01 ms | score time: 0.11 ms

method = star, num_qubits = 10
  With 0.0% error probability, GHZ score = 0.9997 | sim time: 24.35 ms | score time: 0.07 ms
  With 0.5% error probability, GHZ score = 0.9475 | sim time: 3.16 ms | score time: 0.09 ms
  With 2.0% error probability, GHZ score = 0.7928 | sim time: 3.34 ms | score time: 0.12 ms

method = ladder, num_qubits = 3
  With 0.0% error probability, GHZ score = 1.0000 | sim time: 23.74 ms | score time: 0.07 ms
  With 0.5% error probability, GHZ score = 0.9820 | sim time: 1.83 ms | score time: 0.06 ms
  With 2.0% error probability, GHZ score = 0.9460 | sim time: 1.69 ms | score time: 0.06 ms

method = ladder, num_qubits = 4
  With 0.0% error probability, GHZ score = 1.0000 | sim time: 23.06 ms | score time: 0.07 ms
  With 0.5% error probability, GHZ score = 0.9799 | sim time: 1.76 ms | score time: 0.07 ms
  With 2.0% error probability, GHZ score = 0.9164 | sim time: 1.78 ms | score time: 0.07 ms

method = ladder, num_qubits = 5
  With 0.0% error probability, GHZ score = 1.0000 | sim time: 27.02 ms | score time: 0.08 ms
  With 0.5% error probability, GHZ score = 0.9790 | sim time: 2.01 ms | score time: 0.07 ms
  With 2.0% error probability, GHZ score = 0.8968 | sim time: 2.01 ms | score time: 0.07 ms

method = ladder, num_qubits = 6
  With 0.0% error probability, GHZ score = 0.9998 | sim time: 22.76 ms | score time: 0.07 ms
  With 0.5% error probability, GHZ score = 0.9649 | sim time: 2.22 ms | score time: 0.08 ms
  With 2.0% error probability, GHZ score = 0.8777 | sim time: 2.21 ms | score time: 0.07 ms

method = ladder, num_qubits = 7
  With 0.0% error probability, GHZ score = 1.0000 | sim time: 22.75 ms | score time: 0.06 ms
  With 0.5% error probability, GHZ score = 0.9687 | sim time: 2.43 ms | score time: 0.07 ms
  With 2.0% error probability, GHZ score = 0.8390 | sim time: 2.49 ms | score time: 0.09 ms

method = ladder, num_qubits = 8
  With 0.0% error probability, GHZ score = 1.0000 | sim time: 23.10 ms | score time: 0.07 ms
  With 0.5% error probability, GHZ score = 0.9618 | sim time: 2.67 ms | score time: 0.08 ms
  With 2.0% error probability, GHZ score = 0.8329 | sim time: 2.67 ms | score time: 0.11 ms

method = ladder, num_qubits = 9
  With 0.0% error probability, GHZ score = 0.9991 | sim time: 24.26 ms | score time: 0.07 ms
  With 0.5% error probability, GHZ score = 0.9510 | sim time: 2.92 ms | score time: 0.09 ms
  With 2.0% error probability, GHZ score = 0.7926 | sim time: 2.93 ms | score time: 0.10 ms

method = ladder, num_qubits = 10
  With 0.0% error probability, GHZ score = 0.9994 | sim time: 25.31 ms | score time: 0.09 ms
  With 0.5% error probability, GHZ score = 0.9440 | sim time: 3.28 ms | score time: 0.09 ms
  With 2.0% error probability, GHZ score = 0.8079 | sim time: 3.24 ms | score time: 0.12 ms

method = logdepth, num_qubits = 3
  With 0.0% error probability, GHZ score = 1.0000 | sim time: 28.71 ms | score time: 0.08 ms
  With 0.5% error probability, GHZ score = 0.9858 | sim time: 1.55 ms | score time: 0.06 ms
  With 2.0% error probability, GHZ score = 0.9500 | sim time: 1.51 ms | score time: 0.06 ms

method = logdepth, num_qubits = 4
  With 0.0% error probability, GHZ score = 0.9996 | sim time: 24.19 ms | score time: 0.07 ms
  With 0.5% error probability, GHZ score = 0.9768 | sim time: 1.73 ms | score time: 0.07 ms
  With 2.0% error probability, GHZ score = 0.9259 | sim time: 1.74 ms | score time: 0.07 ms

method = logdepth, num_qubits = 5
  With 0.0% error probability, GHZ score = 1.0000 | sim time: 25.86 ms | score time: 0.07 ms
  With 0.5% error probability, GHZ score = 0.9725 | sim time: 1.95 ms | score time: 0.07 ms
  With 2.0% error probability, GHZ score = 0.8990 | sim time: 1.96 ms | score time: 0.07 ms

method = logdepth, num_qubits = 6
  With 0.0% error probability, GHZ score = 0.9999 | sim time: 26.95 ms | score time: 0.06 ms
  With 0.5% error probability, GHZ score = 0.9708 | sim time: 2.18 ms | score time: 0.07 ms
  With 2.0% error probability, GHZ score = 0.8860 | sim time: 2.21 ms | score time: 0.08 ms

method = logdepth, num_qubits = 7
  With 0.0% error probability, GHZ score = 0.9998 | sim time: 29.86 ms | score time: 0.10 ms
  With 0.5% error probability, GHZ score = 0.9569 | sim time: 2.61 ms | score time: 0.10 ms
  With 2.0% error probability, GHZ score = 0.8350 | sim time: 2.58 ms | score time: 0.11 ms

method = logdepth, num_qubits = 8
  With 0.0% error probability, GHZ score = 0.9996 | sim time: 41.13 ms | score time: 0.10 ms
  With 0.5% error probability, GHZ score = 0.9419 | sim time: 2.82 ms | score time: 0.10 ms
  With 2.0% error probability, GHZ score = 0.8290 | sim time: 2.73 ms | score time: 0.10 ms

method = logdepth, num_qubits = 9
  With 0.0% error probability, GHZ score = 1.0000 | sim time: 33.20 ms | score time: 0.08 ms
  With 0.5% error probability, GHZ score = 0.9530 | sim time: 2.92 ms | score time: 0.09 ms
  With 2.0% error probability, GHZ score = 0.8150 | sim time: 3.07 ms | score time: 0.12 ms

method = logdepth, num_qubits = 10
  With 0.0% error probability, GHZ score = 0.9997 | sim time: 35.25 ms | score time: 0.07 ms
  With 0.5% error probability, GHZ score = 0.9445 | sim time: 3.17 ms | score time: 0.09 ms
  With 2.0% error probability, GHZ score = 0.7660 | sim time: 3.17 ms | score time: 0.12 ms

============================================================
Timed repetition 2/3
============================================================

method = star, num_qubits = 3
  With 0.0% error probability, GHZ score = 0.9999 | sim time: 22.22 ms | score time: 0.08 ms
  With 0.5% error probability, GHZ score = 0.9840 | sim time: 1.51 ms | score time: 0.06 ms
  With 2.0% error probability, GHZ score = 0.9440 | sim time: 1.53 ms | score time: 0.06 ms

method = star, num_qubits = 4
  With 0.0% error probability, GHZ score = 0.9999 | sim time: 22.10 ms | score time: 0.09 ms
  With 0.5% error probability, GHZ score = 0.9780 | sim time: 1.90 ms | score time: 0.07 ms
  With 2.0% error probability, GHZ score = 0.9179 | sim time: 1.75 ms | score time: 0.07 ms

method = star, num_qubits = 5
  With 0.0% error probability, GHZ score = 1.0000 | sim time: 22.49 ms | score time: 0.06 ms
  With 0.5% error probability, GHZ score = 0.9692 | sim time: 2.04 ms | score time: 0.07 ms
  With 2.0% error probability, GHZ score = 0.8997 | sim time: 2.13 ms | score time: 0.08 ms

method = star, num_qubits = 6
  With 0.0% error probability, GHZ score = 0.9994 | sim time: 26.93 ms | score time: 0.07 ms
  With 0.5% error probability, GHZ score = 0.9680 | sim time: 2.26 ms | score time: 0.07 ms
  With 2.0% error probability, GHZ score = 0.8737 | sim time: 2.39 ms | score time: 0.09 ms

method = star, num_qubits = 7
  With 0.0% error probability, GHZ score = 0.9998 | sim time: 23.43 ms | score time: 0.07 ms
  With 0.5% error probability, GHZ score = 0.9639 | sim time: 2.65 ms | score time: 0.07 ms
  With 2.0% error probability, GHZ score = 0.8651 | sim time: 2.46 ms | score time: 0.09 ms

method = star, num_qubits = 8
  With 0.0% error probability, GHZ score = 0.9999 | sim time: 23.46 ms | score time: 0.07 ms
  With 0.5% error probability, GHZ score = 0.9520 | sim time: 2.67 ms | score time: 0.08 ms
  With 2.0% error probability, GHZ score = 0.8315 | sim time: 2.69 ms | score time: 0.10 ms

method = star, num_qubits = 9
  With 0.0% error probability, GHZ score = 0.9999 | sim time: 23.33 ms | score time: 0.08 ms
  With 0.5% error probability, GHZ score = 0.9472 | sim time: 2.99 ms | score time: 0.11 ms
  With 2.0% error probability, GHZ score = 0.7918 | sim time: 2.98 ms | score time: 0.11 ms

method = star, num_qubits = 10
  With 0.0% error probability, GHZ score = 1.0000 | sim time: 24.61 ms | score time: 0.08 ms
  With 0.5% error probability, GHZ score = 0.9330 | sim time: 3.20 ms | score time: 0.10 ms
  With 2.0% error probability, GHZ score = 0.7956 | sim time: 3.24 ms | score time: 0.12 ms

method = ladder, num_qubits = 3
  With 0.0% error probability, GHZ score = 1.0000 | sim time: 23.10 ms | score time: 0.06 ms
  With 0.5% error probability, GHZ score = 0.9849 | sim time: 1.59 ms | score time: 0.07 ms
  With 2.0% error probability, GHZ score = 0.9448 | sim time: 1.58 ms | score time: 0.06 ms

method = ladder, num_qubits = 4
  With 0.0% error probability, GHZ score = 0.9994 | sim time: 26.91 ms | score time: 0.07 ms
  With 0.5% error probability, GHZ score = 0.9849 | sim time: 1.81 ms | score time: 0.07 ms
  With 2.0% error probability, GHZ score = 0.8997 | sim time: 1.86 ms | score time: 0.07 ms

method = ladder, num_qubits = 5
  With 0.0% error probability, GHZ score = 0.9995 | sim time: 23.00 ms | score time: 0.08 ms
  With 0.5% error probability, GHZ score = 0.9750 | sim time: 2.01 ms | score time: 0.07 ms
  With 2.0% error probability, GHZ score = 0.8997 | sim time: 2.00 ms | score time: 0.07 ms

method = ladder, num_qubits = 6
  With 0.0% error probability, GHZ score = 0.9999 | sim time: 22.83 ms | score time: 0.07 ms
  With 0.5% error probability, GHZ score = 0.9770 | sim time: 2.24 ms | score time: 0.07 ms
  With 2.0% error probability, GHZ score = 0.8790 | sim time: 2.21 ms | score time: 0.08 ms

method = ladder, num_qubits = 7
  With 0.0% error probability, GHZ score = 0.9999 | sim time: 23.20 ms | score time: 0.09 ms
  With 0.5% error probability, GHZ score = 0.9660 | sim time: 2.51 ms | score time: 0.08 ms
  With 2.0% error probability, GHZ score = 0.8668 | sim time: 2.45 ms | score time: 0.10 ms

method = ladder, num_qubits = 8
  With 0.0% error probability, GHZ score = 0.9998 | sim time: 24.12 ms | score time: 0.07 ms
  With 0.5% error probability, GHZ score = 0.9560 | sim time: 2.71 ms | score time: 0.09 ms
  With 2.0% error probability, GHZ score = 0.8198 | sim time: 2.72 ms | score time: 0.10 ms

method = ladder, num_qubits = 9
  With 0.0% error probability, GHZ score = 1.0000 | sim time: 24.51 ms | score time: 0.06 ms
  With 0.5% error probability, GHZ score = 0.9527 | sim time: 2.96 ms | score time: 0.09 ms
  With 2.0% error probability, GHZ score = 0.8280 | sim time: 2.94 ms | score time: 0.10 ms

method = ladder, num_qubits = 10
  With 0.0% error probability, GHZ score = 1.0000 | sim time: 29.08 ms | score time: 0.08 ms
  With 0.5% error probability, GHZ score = 0.9298 | sim time: 3.26 ms | score time: 0.10 ms
  With 2.0% error probability, GHZ score = 0.7913 | sim time: 3.33 ms | score time: 0.13 ms

method = logdepth, num_qubits = 3
  With 0.0% error probability, GHZ score = 0.9999 | sim time: 23.98 ms | score time: 0.07 ms
  With 0.5% error probability, GHZ score = 0.9789 | sim time: 1.56 ms | score time: 0.07 ms
  With 2.0% error probability, GHZ score = 0.9529 | sim time: 1.52 ms | score time: 0.06 ms

method = logdepth, num_qubits = 4
  With 0.0% error probability, GHZ score = 0.9986 | sim time: 24.99 ms | score time: 0.26 ms
  With 0.5% error probability, GHZ score = 0.9830 | sim time: 1.82 ms | score time: 0.07 ms
  With 2.0% error probability, GHZ score = 0.9167 | sim time: 1.79 ms | score time: 0.07 ms

method = logdepth, num_qubits = 5
  With 0.0% error probability, GHZ score = 0.9996 | sim time: 26.19 ms | score time: 0.07 ms
  With 0.5% error probability, GHZ score = 0.9785 | sim time: 2.00 ms | score time: 0.07 ms
  With 2.0% error probability, GHZ score = 0.9054 | sim time: 1.99 ms | score time: 0.07 ms

method = logdepth, num_qubits = 6
  With 0.0% error probability, GHZ score = 0.9999 | sim time: 27.69 ms | score time: 0.07 ms
  With 0.5% error probability, GHZ score = 0.9706 | sim time: 2.22 ms | score time: 0.07 ms
  With 2.0% error probability, GHZ score = 0.8799 | sim time: 2.28 ms | score time: 0.09 ms

method = logdepth, num_qubits = 7
  With 0.0% error probability, GHZ score = 0.9999 | sim time: 33.21 ms | score time: 0.08 ms
  With 0.5% error probability, GHZ score = 0.9518 | sim time: 2.47 ms | score time: 0.08 ms
  With 2.0% error probability, GHZ score = 0.8389 | sim time: 2.47 ms | score time: 0.10 ms

method = logdepth, num_qubits = 8
  With 0.0% error probability, GHZ score = 0.9993 | sim time: 31.25 ms | score time: 0.07 ms
  With 0.5% error probability, GHZ score = 0.9497 | sim time: 2.67 ms | score time: 0.09 ms
  With 2.0% error probability, GHZ score = 0.8240 | sim time: 2.66 ms | score time: 0.11 ms

method = logdepth, num_qubits = 9
  With 0.0% error probability, GHZ score = 1.0000 | sim time: 33.21 ms | score time: 0.09 ms
  With 0.5% error probability, GHZ score = 0.9459 | sim time: 3.01 ms | score time: 0.10 ms
  With 2.0% error probability, GHZ score = 0.7950 | sim time: 2.91 ms | score time: 0.11 ms

method = logdepth, num_qubits = 10
  With 0.0% error probability, GHZ score = 1.0000 | sim time: 35.29 ms | score time: 0.07 ms
  With 0.5% error probability, GHZ score = 0.9460 | sim time: 3.13 ms | score time: 0.09 ms
  With 2.0% error probability, GHZ score = 0.7920 | sim time: 3.14 ms | score time: 0.12 ms

============================================================
Timed repetition 3/3
============================================================

method = star, num_qubits = 3
  With 0.0% error probability, GHZ score = 1.0000 | sim time: 23.39 ms | score time: 0.07 ms
  With 0.5% error probability, GHZ score = 0.9809 | sim time: 1.59 ms | score time: 0.07 ms
  With 2.0% error probability, GHZ score = 0.9429 | sim time: 1.52 ms | score time: 0.06 ms

method = star, num_qubits = 4
  With 0.0% error probability, GHZ score = 0.9996 | sim time: 23.01 ms | score time: 0.07 ms
  With 0.5% error probability, GHZ score = 0.9800 | sim time: 1.79 ms | score time: 0.07 ms
  With 2.0% error probability, GHZ score = 0.9107 | sim time: 1.79 ms | score time: 0.07 ms

method = star, num_qubits = 5
  With 0.0% error probability, GHZ score = 0.9999 | sim time: 27.63 ms | score time: 0.08 ms
  With 0.5% error probability, GHZ score = 0.9737 | sim time: 2.04 ms | score time: 0.07 ms
  With 2.0% error probability, GHZ score = 0.8930 | sim time: 2.03 ms | score time: 0.07 ms

method = star, num_qubits = 6
  With 0.0% error probability, GHZ score = 0.9999 | sim time: 23.94 ms | score time: 0.08 ms
  With 0.5% error probability, GHZ score = 0.9617 | sim time: 2.33 ms | score time: 0.08 ms
  With 2.0% error probability, GHZ score = 0.8820 | sim time: 2.25 ms | score time: 0.09 ms

method = star, num_qubits = 7
  With 0.0% error probability, GHZ score = 1.0000 | sim time: 23.43 ms | score time: 0.07 ms
  With 0.5% error probability, GHZ score = 0.9590 | sim time: 2.47 ms | score time: 0.08 ms
  With 2.0% error probability, GHZ score = 0.8420 | sim time: 2.48 ms | score time: 0.09 ms

method = star, num_qubits = 8
  With 0.0% error probability, GHZ score = 0.9998 | sim time: 23.09 ms | score time: 0.07 ms
  With 0.5% error probability, GHZ score = 0.9479 | sim time: 2.67 ms | score time: 0.09 ms
  With 2.0% error probability, GHZ score = 0.8170 | sim time: 2.70 ms | score time: 0.10 ms

method = star, num_qubits = 9
  With 0.0% error probability, GHZ score = 1.0000 | sim time: 24.04 ms | score time: 0.07 ms
  With 0.5% error probability, GHZ score = 0.9569 | sim time: 2.94 ms | score time: 0.08 ms
  With 2.0% error probability, GHZ score = 0.8079 | sim time: 2.94 ms | score time: 0.11 ms

method = star, num_qubits = 10
  With 0.0% error probability, GHZ score = 1.0000 | sim time: 24.85 ms | score time: 0.07 ms
  With 0.5% error probability, GHZ score = 0.9318 | sim time: 3.20 ms | score time: 0.10 ms
  With 2.0% error probability, GHZ score = 0.7740 | sim time: 3.16 ms | score time: 0.12 ms

method = ladder, num_qubits = 3
  With 0.0% error probability, GHZ score = 1.0000 | sim time: 28.15 ms | score time: 0.10 ms
  With 0.5% error probability, GHZ score = 0.9880 | sim time: 1.60 ms | score time: 0.06 ms
  With 2.0% error probability, GHZ score = 0.9294 | sim time: 1.53 ms | score time: 0.06 ms

method = ladder, num_qubits = 4
  With 0.0% error probability, GHZ score = 1.0000 | sim time: 23.07 ms | score time: 0.07 ms
  With 0.5% error probability, GHZ score = 0.9730 | sim time: 1.76 ms | score time: 0.07 ms
  With 2.0% error probability, GHZ score = 0.9138 | sim time: 1.77 ms | score time: 0.07 ms

method = ladder, num_qubits = 5
  With 0.0% error probability, GHZ score = 0.9987 | sim time: 22.69 ms | score time: 0.07 ms
  With 0.5% error probability, GHZ score = 0.9670 | sim time: 2.00 ms | score time: 0.08 ms
  With 2.0% error probability, GHZ score = 0.9050 | sim time: 2.03 ms | score time: 0.07 ms

method = ladder, num_qubits = 6
  With 0.0% error probability, GHZ score = 0.9997 | sim time: 22.97 ms | score time: 0.08 ms
  With 0.5% error probability, GHZ score = 0.9607 | sim time: 2.22 ms | score time: 0.07 ms
  With 2.0% error probability, GHZ score = 0.8766 | sim time: 2.40 ms | score time: 0.09 ms

method = ladder, num_qubits = 7
  With 0.0% error probability, GHZ score = 0.9996 | sim time: 23.49 ms | score time: 0.08 ms
  With 0.5% error probability, GHZ score = 0.9590 | sim time: 2.45 ms | score time: 0.08 ms
  With 2.0% error probability, GHZ score = 0.8839 | sim time: 2.46 ms | score time: 0.09 ms

method = ladder, num_qubits = 8
  With 0.0% error probability, GHZ score = 0.9999 | sim time: 24.27 ms | score time: 0.07 ms
  With 0.5% error probability, GHZ score = 0.9570 | sim time: 2.75 ms | score time: 0.09 ms
  With 2.0% error probability, GHZ score = 0.8395 | sim time: 2.71 ms | score time: 0.10 ms

method = ladder, num_qubits = 9
  With 0.0% error probability, GHZ score = 1.0000 | sim time: 38.31 ms | score time: 0.11 ms
  With 0.5% error probability, GHZ score = 0.9519 | sim time: 3.03 ms | score time: 0.10 ms
  With 2.0% error probability, GHZ score = 0.8050 | sim time: 2.96 ms | score time: 0.11 ms

method = ladder, num_qubits = 10
  With 0.0% error probability, GHZ score = 0.9998 | sim time: 24.85 ms | score time: 0.07 ms
  With 0.5% error probability, GHZ score = 0.9548 | sim time: 3.21 ms | score time: 0.09 ms
  With 2.0% error probability, GHZ score = 0.7868 | sim time: 3.17 ms | score time: 0.13 ms

method = logdepth, num_qubits = 3
  With 0.0% error probability, GHZ score = 1.0000 | sim time: 23.95 ms | score time: 0.07 ms
  With 0.5% error probability, GHZ score = 0.9859 | sim time: 1.53 ms | score time: 0.06 ms
  With 2.0% error probability, GHZ score = 0.9500 | sim time: 1.52 ms | score time: 0.06 ms

method = logdepth, num_qubits = 4
  With 0.0% error probability, GHZ score = 1.0000 | sim time: 24.72 ms | score time: 0.07 ms
  With 0.5% error probability, GHZ score = 0.9758 | sim time: 1.74 ms | score time: 0.07 ms
  With 2.0% error probability, GHZ score = 0.9130 | sim time: 1.73 ms | score time: 0.07 ms

method = logdepth, num_qubits = 5
  With 0.0% error probability, GHZ score = 1.0000 | sim time: 25.98 ms | score time: 0.08 ms
  With 0.5% error probability, GHZ score = 0.9710 | sim time: 2.00 ms | score time: 0.07 ms
  With 2.0% error probability, GHZ score = 0.9026 | sim time: 1.96 ms | score time: 0.08 ms

method = logdepth, num_qubits = 6
  With 0.0% error probability, GHZ score = 1.0000 | sim time: 32.93 ms | score time: 0.09 ms
  With 0.5% error probability, GHZ score = 0.9620 | sim time: 2.24 ms | score time: 0.08 ms
  With 2.0% error probability, GHZ score = 0.8675 | sim time: 2.23 ms | score time: 0.09 ms

method = logdepth, num_qubits = 7
  With 0.0% error probability, GHZ score = 0.9999 | sim time: 29.61 ms | score time: 0.07 ms
  With 0.5% error probability, GHZ score = 0.9484 | sim time: 2.42 ms | score time: 0.09 ms
  With 2.0% error probability, GHZ score = 0.8599 | sim time: 2.46 ms | score time: 0.10 ms

method = logdepth, num_qubits = 8
  With 0.0% error probability, GHZ score = 0.9999 | sim time: 30.62 ms | score time: 0.07 ms
  With 0.5% error probability, GHZ score = 0.9610 | sim time: 2.65 ms | score time: 0.08 ms
  With 2.0% error probability, GHZ score = 0.8169 | sim time: 2.74 ms | score time: 0.11 ms

method = logdepth, num_qubits = 9
  With 0.0% error probability, GHZ score = 1.0000 | sim time: 32.85 ms | score time: 0.07 ms
  With 0.5% error probability, GHZ score = 0.9490 | sim time: 3.05 ms | score time: 0.09 ms
  With 2.0% error probability, GHZ score = 0.8319 | sim time: 2.89 ms | score time: 0.11 ms

method = logdepth, num_qubits = 10
  With 0.0% error probability, GHZ score = 0.9996 | sim time: 36.35 ms | score time: 0.09 ms
  With 0.5% error probability, GHZ score = 0.9485 | sim time: 3.17 ms | score time: 0.10 ms
  With 2.0% error probability, GHZ score = 0.7845 | sim time: 3.15 ms | score time: 0.13 ms

Wrote results to ghz_timing_results_cudaq.csv
	Command being timed: "srun python3 ghzgputiming.py"
	User time (seconds): 0.00
	System time (seconds): 0.01
	Percent of CPU this job got: 0%
	Elapsed (wall clock) time (h:mm:ss or m:ss): 0:21.50
	Average shared text size (kbytes): 0
	Average unshared data size (kbytes): 0
	Average stack size (kbytes): 0
	Average total size (kbytes): 0
	Maximum resident set size (kbytes): 12776
	Average resident set size (kbytes): 0
	Major (requiring I/O) page faults: 0
	Minor (reclaiming a frame) page faults: 1304
	Voluntary context switches: 55
	Involuntary context switches: 0
	Swaps: 0
	File system inputs: 0
	File system outputs: 0
	Socket messages sent: 0
	Socket messages received: 0
	Signals delivered: 0
	Page size (bytes): 4096
	Exit status: 0
